Command: /home/rodo1/esp/idf-tools/python_env/idf5.5_py3.12_env/bin/python /home/rodo1/esp/esp-idf/tools/idf_monitor.py -p /dev/ttyUSB0 -b 115200 --toolchain-prefix xtensa-esp32-elf- --target esp32 --revision 0 /home/rodo1/esp/projects_tf/person_detection/build/person_detection.elf /home/rodo1/esp/projects_tf/person_detection/build/bootloader/bootloader.elf -m '/home/rodo1/esp/idf-tools/python_env/idf5.5_py3.12_env/bin/python' '/home/rodo1/esp/esp-idf/tools/idf.py' '-p' '/dev/ttyUSB0'
ets Jun  ï¿½ets Jun  8 2016 00:22:57

rst:0x1 (POWERON_RESET),boot:0x13 (SPI_FAST_FLASH_BOOT)
configsip: 0, SPIWP:0xee
clk_drv:0x00,q_drv:0x00,d_drv:0x00,cs0_drv:0x00,hd_drv:0x00,wp_drv:0x00
mode:DIO, clock div:1
load:0x3fff0030,len:6696
load:0x40078000,len:16788
load:0x40080400,len:4288
entry 0x40080658
[0;32mI (27) boot: ESP-IDF v5.5-dev-2488-gee77c489e7-dirty 2nd stage bootloader[0m
[0;32mI (27) boot: compile time Jun 16 2025 23:21:47[0m
[0;32mI (27) boot: Multicore bootloader[0m
[0;32mI (30) boot: chip revision: v1.1[0m
[0;32mI (33) qio_mode: Enabling default flash chip QIO[0m
[0;32mI (38) boot.esp32: SPI Speed      : 80MHz[0m
[0;32mI (41) boot.esp32: SPI Mode       : QIO[0m
[0;32mI (45) boot.esp32: SPI Flash Size : 4MB[0m
[0;32mI (48) boot: Enabling RNG early entropy source...[0m
[0;32mI (53) boot: Partition Table:[0m
[0;32mI (56) boot: ## Label            Usage          Type ST Offset   Length[0m
[0;32mI (62) boot:  0 nvs              WiFi data        01 02 00009000 00006000[0m
[0;32mI (68) boot:  1 phy_init         RF data          01 01 0000f000 00001000[0m
[0;32mI (75) boot:  2 factory          factory app      00 00 00010000 00180000[0m
[0;32mI (81) boot: End of partition table[0m
[0;32mI (85) esp_image: segment 0: paddr=00010020 vaddr=3f400020 size=5c264h (377444) map[0m
[0;32mI (189) esp_image: segment 1: paddr=0006c28c vaddr=3ff80000 size=0001ch (    28) load[0m
[0;32mI (189) esp_image: segment 2: paddr=0006c2b0 vaddr=3ffb0000 size=03424h ( 13348) load[0m
[0;32mI (196) esp_image: segment 3: paddr=0006f6dc vaddr=40080000 size=0093ch (  2364) load[0m
[0;32mI (201) esp_image: segment 4: paddr=00070020 vaddr=400d0020 size=315bch (202172) map[0m
[0;32mI (259) esp_image: segment 5: paddr=000a15e4 vaddr=4008093c size=0efa4h ( 61348) load[0m
[0;32mI (286) boot: Loaded app from partition at offset 0x10000[0m
[0;32mI (286) boot: Disabling RNG early entropy source...[0m
[0;32mI (296) quad_psram: This chip is ESP32-D0WD[0m
[0;32mI (296) esp_psram: Found 8MB PSRAM device[0m
[0;32mI (296) esp_psram: Speed: 80MHz[0m
[0;32mI (296) esp_psram: PSRAM initialized, cache is in low/high (2-core) mode.[0m
[0;33mW (303) esp_psram: Virtual address not enough for PSRAM, map as much as we can. 4MB is mapped[0m
[0;32mI (312) cpu_start: Multicore app[0m
[0;32mI (778) esp_psram: SPI SRAM memory test OK[0m
[0;32mI (786) cpu_start: Pro cpu start user code[0m
[0;32mI (786) cpu_start: cpu freq: 240000000 Hz[0m
[0;32mI (786) app_init: Application information:[0m
[0;32mI (786) app_init: Project name:     person_detection[0m
[0;32mI (791) app_init: App version:      1[0m
[0;32mI (794) app_init: Compile time:     Jun 16 2025 23:21:26[0m
[0;32mI (799) app_init: ELF file SHA256:  262110503...[0m
[0;32mI (803) app_init: ESP-IDF:          v5.5-dev-2488-gee77c489e7-dirty[0m
[0;32mI (809) efuse_init: Min chip rev:     v0.0[0m
[0;32mI (813) efuse_init: Max chip rev:     v3.99 [0m
[0;32mI (817) efuse_init: Chip rev:         v1.1[0m
[0;32mI (821) heap_init: Initializing. RAM available for dynamic allocation:[0m
[0;32mI (827) heap_init: At 3FFAE6E0 len 00001920 (6 KiB): DRAM[0m
[0;32mI (832) heap_init: At 3FFB4978 len 0002B688 (173 KiB): DRAM[0m
[0;32mI (838) heap_init: At 3FFE0440 len 00003AE0 (14 KiB): D/IRAM[0m
[0;32mI (843) heap_init: At 3FFE4350 len 0001BCB0 (111 KiB): D/IRAM[0m
[0;32mI (849) heap_init: At 4008F8E0 len 00010720 (65 KiB): IRAM[0m
[0;32mI (854) esp_psram: Adding pool of 4096K of PSRAM memory to heap allocator[0m
[0;32mI (861) spi_flash: detected chip: generic[0m
[0;32mI (864) spi_flash: flash io: qio[0m
[0;32mI (867) main_task: Started on CPU0[0m
[0;32mI (877) main_task: Calling app_main()[0m
[0;32mI (897) gpio: GPIO[25]| InputEn: 1| OutputEn: 0| OpenDrain: 0| Pullup: 1| Pulldown: 0| Intr:2 [0m
[0;32mI (897) cam_hal: cam init ok[0m
[0;32mI (897) sccb-ng: pin_sda 26 pin_scl 27[0m
[0;32mI (897) sccb-ng: sccb_i2c_port=1[0m
[0;32mI (897) gpio: GPIO[32]| InputEn: 0| OutputEn: 1| OpenDrain: 0| Pullup: 0| Pulldown: 0| Intr:0 [0m
[0;32mI (937) camera: Detected camera at address=0x30[0m
[0;32mI (937) camera: Detected OV2640 camera[0m
[0;32mI (937) camera: Camera PID=0x26 VER=0x42 MIDL=0x7f MIDH=0xa2[0m
[0;32mI (1007) esp32 ll_cam: node_size: 3072, nodes_per_line: 1, lines_per_node: 4, dma_half_buffer_min:  3072, dma_half_buffer: 12288,lines_per_half_buffer: 16, dma_buffer_size: 24576, image_size: 18432[0m
[0;32mI (1017) cam_hal: buffer_size: 24576, half_buffer_size: 12288, node_buffer_size: 3072, node_cnt: 8, total_cnt: 1[0m
[0;32mI (1027) cam_hal: Allocating 9216 Byte frame buffer in PSRAM[0m
[0;32mI (1027) cam_hal: Allocating 9216 Byte frame buffer in PSRAM[0m
[0;32mI (1037) cam_hal: cam config ok[0m
[0;32mI (1037) ov2640: Set PLL: clk_2x: 0, clk_div: 3, pclk_auto: 1, pclk_div: 8[0m
Camera Initialized

Image Captured

person score:95%, no person score 5%
Image Captured

person score:45%, no person score 55%
Image Captured

person score:94%, no person score 6%
Image Captured

person score:93%, no person score 7%
Image Captured

person score:93%, no person score 7%
Image Captured

person score:93%, no person score 7%
Image Captured

person score:93%, no person score 7%
Image Captured

person score:93%, no person score 7%
Image Captured

person score:93%, no person score 7%
Image Captured

person score:90%, no person score 10%
Image Captured

person score:93%, no person score 7%
Image Captured

person score:91%, no person score 9%
Image Captured

person score:68%, no person score 32%
Image Captured

person score:34%, no person score 66%
Image Captured

person score:79%, no person score 21%
Image Captured

person score:66%, no person score 34%
Image Captured

person score:40%, no person score 60%
Image Captured

person score:36%, no person score 64%
Image Captured

person score:26%, no person score 74%
Image Captured

person score:26%, no person score 74%
Image Captured

person score:22%, no person score 78%
Image Captured

person score:22%, no person score 78%
Image Captured

person score:25%, no person score 75%
Image Captured

person score:24%, no person score 76%
Image Captured

person score:22%, no person score 78%
Image Captured

person score:30%, no person score 70%
Image Captured

person score:27%, no person score 73%
Image Captured

person score:81%, no person score 19%
Image Captured

person score:46%, no person score 54%
Image Captured

person score:92%, no person score 8%
Image Captured

person score:93%, no person score 7%
Image Captured

person score:95%, no person score 5%
Image Captured

person score:93%, no person score 7%
Image Captured

person score:93%, no person score 7%
Image Captured

person score:95%, no person score 5%
Image Captured

person score:18%, no person score 82%
Image Captured

person score:36%, no person score 64%
Image Captured

person score:37%, no person score 63%
Image Captured

person score:36%, no person score 64%
Image Captured

person score:34%, no person score 66%
Image Captured

person score:29%, no person score 71%
Image Captured

person score:25%, no person score 75%
Image Captured

person score:21%, no person score 79%
Image Captured

person score:23%, no person score 77%
Image Captured

person score:20%, no person score 80%
Image Captured

person score:35%, no person score 65%
Image Captured

person score:31%, no person score 69%
Image Captured

person score:95%, no person score 5%
Image Captured

person score:95%, no person score 5%
Image Captured

person score:93%, no person score 7%
Image Captured

person score:94%, no person score 6%
Image Captured

person score:94%, no person score 6%
Image Captured

person score:94%, no person score 6%
Image Captured

person score:95%, no person score 5%
Image Captured

person score:95%, no person score 5%
Image Captured

person score:95%, no person score 5%
Image Captured

person score:95%, no person score 5%
Image Captured

person score:60%, no person score 40%
Image Captured

person score:73%, no person score 27%
Image Captured

person score:87%, no person score 13%
Image Captured

person score:93%, no person score 7%
Image Captured

person score:93%, no person score 7%
Image Captured

person score:88%, no person score 12%
Image Captured

person score:79%, no person score 21%
Image Captured

person score:87%, no person score 13%
Image Captured

person score:91%, no person score 9%
Image Captured

person score:89%, no person score 11%
Image Captured

person score:95%, no person score 5%
Image Captured

person score:94%, no person score 6%
Image Captured

person score:94%, no person score 6%
Image Captured

person score:94%, no person score 6%
Image Captured

person score:95%, no person score 5%
Image Captured

person score:93%, no person score 7%
Image Captured

person score:95%, no person score 5%
Image Captured

person score:95%, no person score 5%
Image Captured

person score:95%, no person score 5%
Image Captured

person score:95%, no person score 5%
Image Captured

person score:95%, no person score 5%
Image Captured

person score:91%, no person score 9%
Image Captured

person score:95%, no person score 5%
Image Captured

person score:95%, no person score 5%
Image Captured

person score:69%, no person score 31%
Image Captured

